Archive member included because of file (symbol)

c:/stm32toolchain/gnu-arm/4.8-2014q3/bin/../lib/gcc/arm-none-eabi/4.8.4/armv7e-m/softfp\libgcc.a(unwind-arm.o)
                              ./system/src/newlib/_cxx.o (__aeabi_unwind_cpp_pr1)
c:/stm32toolchain/gnu-arm/4.8-2014q3/bin/../lib/gcc/arm-none-eabi/4.8.4/armv7e-m/softfp\libgcc.a(libunwind.o)
                              c:/stm32toolchain/gnu-arm/4.8-2014q3/bin/../lib/gcc/arm-none-eabi/4.8.4/armv7e-m/softfp\libgcc.a(unwind-arm.o) (restore_core_regs)
c:/stm32toolchain/gnu-arm/4.8-2014q3/bin/../lib/gcc/arm-none-eabi/4.8.4/armv7e-m/softfp\libgcc.a(pr-support.o)
                              c:/stm32toolchain/gnu-arm/4.8-2014q3/bin/../lib/gcc/arm-none-eabi/4.8.4/armv7e-m/softfp\libgcc.a(unwind-arm.o) (__gnu_unwind_execute)
c:/stm32toolchain/gnu-arm/4.8-2014q3/bin/../lib/gcc/arm-none-eabi/4.8.4/../../../../arm-none-eabi/lib/armv7e-m/softfp\libg_s.a(lib_a-errno.o)
                              ./system/src/newlib/_sbrk.o (__errno)
c:/stm32toolchain/gnu-arm/4.8-2014q3/bin/../lib/gcc/arm-none-eabi/4.8.4/../../../../arm-none-eabi/lib/armv7e-m/softfp\libg_s.a(lib_a-impure.o)
                              c:/stm32toolchain/gnu-arm/4.8-2014q3/bin/../lib/gcc/arm-none-eabi/4.8.4/../../../../arm-none-eabi/lib/armv7e-m/softfp\libg_s.a(lib_a-errno.o) (_impure_ptr)
c:/stm32toolchain/gnu-arm/4.8-2014q3/bin/../lib/gcc/arm-none-eabi/4.8.4/../../../../arm-none-eabi/lib/armv7e-m/softfp\libg_s.a(lib_a-init.o)
                              ./system/src/cmsis/startup_stm32f401xe.o (__libc_init_array)
c:/stm32toolchain/gnu-arm/4.8-2014q3/bin/../lib/gcc/arm-none-eabi/4.8.4/../../../../arm-none-eabi/lib/armv7e-m/softfp\libg_s.a(lib_a-memcpy-stub.o)
                              ./Middlewares/Third_Party/FreeRTOS/Source/queue.o (memcpy)
c:/stm32toolchain/gnu-arm/4.8-2014q3/bin/../lib/gcc/arm-none-eabi/4.8.4/../../../../arm-none-eabi/lib/armv7e-m/softfp\libg_s.a(lib_a-memset.o)
                              ./Middlewares/Third_Party/FreeRTOS/Source/CMSIS_RTOS/cmsis_os.o (memset)
c:/stm32toolchain/gnu-arm/4.8-2014q3/bin/../lib/gcc/arm-none-eabi/4.8.4/../../../../arm-none-eabi/lib/armv7e-m/softfp\libg_s.a(lib_a-strlen.o)
                              ./system/src/diag/Trace.o (strlen)
c:/stm32toolchain/gnu-arm/4.8-2014q3/bin/../lib/gcc/arm-none-eabi/4.8.4/../../../../arm-none-eabi/lib/armv7e-m/softfp\libg_s.a(lib_a-vsnprintf.o)
                              ./system/src/diag/Trace.o (vsnprintf)
c:/stm32toolchain/gnu-arm/4.8-2014q3/bin/../lib/gcc/arm-none-eabi/4.8.4/../../../../arm-none-eabi/lib/armv7e-m/softfp\libg_s.a(lib_a-svfprintf.o)
                              c:/stm32toolchain/gnu-arm/4.8-2014q3/bin/../lib/gcc/arm-none-eabi/4.8.4/../../../../arm-none-eabi/lib/armv7e-m/softfp\libg_s.a(lib_a-vsnprintf.o) (_svfprintf_r)
c:/stm32toolchain/gnu-arm/4.8-2014q3/bin/../lib/gcc/arm-none-eabi/4.8.4/../../../../arm-none-eabi/lib/armv7e-m/softfp\libg_s.a(lib_a-vfprintf_i.o)
                              c:/stm32toolchain/gnu-arm/4.8-2014q3/bin/../lib/gcc/arm-none-eabi/4.8.4/../../../../arm-none-eabi/lib/armv7e-m/softfp\libg_s.a(lib_a-svfprintf.o) (_printf_i)
c:/stm32toolchain/gnu-arm/4.8-2014q3/bin/../lib/gcc/arm-none-eabi/4.8.4/../../../../arm-none-eabi/lib/armv7e-m/softfp\libg_s.a(lib_a-memchr-stub.o)
                              c:/stm32toolchain/gnu-arm/4.8-2014q3/bin/../lib/gcc/arm-none-eabi/4.8.4/../../../../arm-none-eabi/lib/armv7e-m/softfp\libg_s.a(lib_a-svfprintf.o) (memchr)
c:/stm32toolchain/gnu-arm/4.8-2014q3/bin/../lib/gcc/arm-none-eabi/4.8.4/../../../../arm-none-eabi/lib/armv7e-m/softfp\libg_s.a(lib_a-memmove.o)
                              c:/stm32toolchain/gnu-arm/4.8-2014q3/bin/../lib/gcc/arm-none-eabi/4.8.4/../../../../arm-none-eabi/lib/armv7e-m/softfp\libg_s.a(lib_a-svfprintf.o) (memmove)
c:/stm32toolchain/gnu-arm/4.8-2014q3/bin/../lib/gcc/arm-none-eabi/4.8.4/../../../../arm-none-eabi/lib/armv7e-m/softfp\libg_s.a(lib_a-nano-freer.o)
                              c:/stm32toolchain/gnu-arm/4.8-2014q3/bin/../lib/gcc/arm-none-eabi/4.8.4/../../../../arm-none-eabi/lib/armv7e-m/softfp\libg_s.a(lib_a-svfprintf.o) (_free_r)
c:/stm32toolchain/gnu-arm/4.8-2014q3/bin/../lib/gcc/arm-none-eabi/4.8.4/../../../../arm-none-eabi/lib/armv7e-m/softfp\libg_s.a(lib_a-nano-mallocr.o)
                              c:/stm32toolchain/gnu-arm/4.8-2014q3/bin/../lib/gcc/arm-none-eabi/4.8.4/../../../../arm-none-eabi/lib/armv7e-m/softfp\libg_s.a(lib_a-svfprintf.o) (_malloc_r)
c:/stm32toolchain/gnu-arm/4.8-2014q3/bin/../lib/gcc/arm-none-eabi/4.8.4/../../../../arm-none-eabi/lib/armv7e-m/softfp\libg_s.a(lib_a-nano-reallocr.o)
                              c:/stm32toolchain/gnu-arm/4.8-2014q3/bin/../lib/gcc/arm-none-eabi/4.8.4/../../../../arm-none-eabi/lib/armv7e-m/softfp\libg_s.a(lib_a-svfprintf.o) (_realloc_r)
c:/stm32toolchain/gnu-arm/4.8-2014q3/bin/../lib/gcc/arm-none-eabi/4.8.4/../../../../arm-none-eabi/lib/armv7e-m/softfp\libg_s.a(lib_a-sbrkr.o)
[...]
Memory Configuration

Name             Origin             Length             Attributes
FLASH            0x08000000         0x00080000         xr
RAM              0x20000000         0x00018000         xrw
CCMRAM           0x10000000         0x00000000         xrw
FLASHB1          0x00000000         0x00000000         xr
EXTMEMB0         0x00000000         0x00000000         xr
EXTMEMB1         0x00000000         0x00000000         xr
EXTMEMB2         0x00000000         0x00000000         xr
EXTMEMB3         0x00000000         0x00000000         xr
*default*        0x00000000         0xffffffff

Linker script and memory map

LOAD ./system/src/stm32f4xx/stm32f4xx_hal.o
LOAD ./system/src/stm32f4xx/stm32f4xx_hal_cortex.o
LOAD ./system/src/stm32f4xx/stm32f4xx_hal_dma.o
LOAD ./system/src/stm32f4xx/stm32f4xx_hal_dma_ex.o
LOAD ./system/src/stm32f4xx/stm32f4xx_hal_flash.o
LOAD ./system/src/stm32f4xx/stm32f4xx_hal_flash_ex.o
LOAD ./system/src/stm32f4xx/stm32f4xx_hal_flash_ramfunc.o
LOAD ./system/src/stm32f4xx/stm32f4xx_hal_gpio.o
LOAD ./system/src/stm32f4xx/stm32f4xx_hal_pwr.o
LOAD ./system/src/stm32f4xx/stm32f4xx_hal_pwr_ex.o
LOAD ./system/src/stm32f4xx/stm32f4xx_hal_rcc.o
LOAD ./system/src/stm32f4xx/stm32f4xx_hal_rcc_ex.o
LOAD ./system/src/stm32f4xx/stm32f4xx_hal_tim.o
LOAD ./system/src/stm32f4xx/stm32f4xx_hal_tim_ex.o
LOAD ./system/src/stm32f4xx/stm32f4xx_hal_uart.o
LOAD ./system/src/newlib/_cxx.o
LOAD ./system/src/newlib/_exit.o
LOAD ./system/src/newlib/_sbrk.o
LOAD ./system/src/newlib/_startup.o
LOAD ./system/src/newlib/_syscalls.o
LOAD ./system/src/newlib/assert.o
LOAD ./system/src/diag/Trace.o
LOAD ./system/src/diag/trace_impl.o
LOAD ./system/src/cortexm/_initialize_hardware.o
LOAD ./system/src/cortexm/_reset_hardware.o
LOAD ./system/src/cortexm/exception_handlers.o
LOAD ./system/src/cmsis/startup_stm32f401xe.o
LOAD ./system/src/cmsis/system_stm32f4xx.o
LOAD ./src/freertos.o
LOAD ./src/main.o
LOAD ./src/stm32f4xx_hal_msp.o
LOAD ./src/stm32f4xx_it.o
LOAD ./Middlewares/Third_Party/FreeRTOS/Source/portable/MemMang/heap_4.o
LOAD ./Middlewares/Third_Party/FreeRTOS/Source/portable/GCC/ARM_CM4F/port.o
LOAD ./Middlewares/Third_Party/FreeRTOS/Source/CMSIS_RTOS/cmsis_os.o
LOAD ./Middlewares/Third_Party/FreeRTOS/Source/croutine.o
LOAD ./Middlewares/Third_Party/FreeRTOS/Source/event_groups.o
LOAD ./Middlewares/Third_Party/FreeRTOS/Source/list.o
LOAD ./Middlewares/Third_Party/FreeRTOS/Source/queue.o
LOAD ./Middlewares/Third_Party/FreeRTOS/Source/tasks.o
LOAD ./Middlewares/Third_Party/FreeRTOS/Source/timers.o
LOAD c:/stm32toolchain/gnu-arm/4.8-2014q3/bin/../lib/gcc/arm-none-eabi/4.8.4/../../../../arm-none-eabi/lib/armv7e-m/softfp\libstdc++_s.a
LOAD c:/stm32toolchain/gnu-arm/4.8-2014q3/bin/../lib/gcc/arm-none-eabi/4.8.4/../../../../arm-none-eabi/lib/armv7e-m/softfp\libm.a
START GROUP
LOAD c:/stm32toolchain/gnu-arm/4.8-2014q3/bin/../lib/gcc/arm-none-eabi/4.8.4/armv7e-m/softfp\libgcc.a
LOAD c:/stm32toolchain/gnu-arm/4.8-2014q3/bin/../lib/gcc/arm-none-eabi/4.8.4/../../../../arm-none-eabi/lib/armv7e-m/softfp\libg_s.a
LOAD c:/stm32toolchain/gnu-arm/4.8-2014q3/bin/../lib/gcc/arm-none-eabi/4.8.4/../../../../arm-none-eabi/lib/armv7e-m/softfp\libc_s.a
END GROUP
START GROUP
LOAD c:/stm32toolchain/gnu-arm/4.8-2014q3/bin/../lib/gcc/arm-none-eabi/4.8.4/armv7e-m/softfp\libgcc.a
LOAD c:/stm32toolchain/gnu-arm/4.8-2014q3/bin/../lib/gcc/arm-none-eabi/4.8.4/../../../../arm-none-eabi/lib/armv7e-m/softfp\libc_s.a
END GROUP
                0x20018000                __stack = (ORIGIN (RAM) + 0x18000)
                0x20018000                _estack = __stack
                0x00000400                __Main_Stack_Size = 0x400
                0x00000400                PROVIDE (_Main_Stack_Size, __Main_Stack_Size)
                0x20017c00                __Main_Stack_Limit = (__stack - __Main_Stack_Size)
                0x20017c00                PROVIDE (_Main_Stack_Limit, __Main_Stack_Limit)
                0x00000100                _Minimum_Stack_Size = 0x100
                0x20003eac                PROVIDE (_Heap_Begin, _end_noinit)
                0x20017c00                PROVIDE (_Heap_Limit, (__stack - __Main_Stack_Size))

.isr_vector     0x08000000      0x3ac
 FILL mask 0xff
                0x08000000                __vectors_start = ABSOLUTE (.)
                0x08000000                __vectors_start__ = ABSOLUTE (.)
 *(.isr_vector)
 .isr_vector    0x08000000      0x194 ./system/src/cmsis/startup_stm32f401xe.o
                0x08000000                g_pfnVectors
 *(.cfmconfig)
 *(.after_vectors .after_vectors.*)
 .after_vectors
                0x08000194      0x114 ./system/src/newlib/_startup.o
                0x08000194                _start
 .after_vectors
                0x080002a8      0x104 ./system/src/cortexm/exception_handlers.o
                0x080002a8                Reset_Handler
                0x080002b0                NMI_Handler
                0x080002b4                HardFault_Handler
                0x080002c8                HardFault_Handler_C
                0x080002fc                MemManage_Handler
                0x08000300                BusFault_Handler
                0x08000314                BusFault_Handler_C
                0x08000348                UsageFault_Handler
                0x0800035c                UsageFault_Handler_C
                0x08000394                DebugMon_Handler

.inits          0x080003ac       0x28
                0x080003ac                __data_regions_array_start = .
                0x080003ac        0x4 LONG 0x8002ecc LOADADDR (.data)
                0x080003b0        0x4 LONG 0x20000000 ADDR (.data)
                0x080003b4        0x4 LONG 0x2000007c (ADDR (.data) + SIZEOF (.data))
                0x080003b8        0x4 LONG 0x8002ecc LOADADDR (.data_CCMRAM)
                0x080003bc        0x4 LONG 0x10000000 ADDR (.data_CCMRAM)
                0x080003c0        0x4 LONG 0x10000000 (ADDR (.data_CCMRAM) + SIZEOF (.data_CCMRAM))
                0x080003c4                __data_regions_array_end = .
                0x080003c4                __bss_regions_array_start = .
                0x080003c4        0x4 LONG 0x2000007c ADDR (.bss)
                0x080003c8        0x4 LONG 0x20003eac (ADDR (.bss) + SIZEOF (.bss))
                0x080003cc        0x4 LONG 0x10000000 ADDR (.bss_CCMRAM)
                0x080003d0        0x4 LONG 0x10000000 (ADDR (.bss_CCMRAM) + SIZEOF (.bss_CCMRAM))
                0x080003d4                __bss_regions_array_end = .
 *(.init)
 *(.fini)
                0x080003d4                . = ALIGN (0x4)
                0x080003d4                PROVIDE (__preinit_array_start, .)
 *(.preinit_array_sysinit .preinit_array_sysinit.*)
 *(.preinit_array_platform .preinit_array_platform.*)
 *(.preinit_array .preinit_array.*)
                0x080003d4                PROVIDE (__preinit_array_end, .)
                0x080003d4                . = ALIGN (0x4)
                0x080003d4                PROVIDE (__init_array_start, .)
 *(SORT(.init_array.*))
 *(.init_array)
                0x080003d4                PROVIDE (__init_array_end, .)
                0x080003d4                . = ALIGN (0x4)
                0x080003d4                PROVIDE (__fini_array_start, .)
 *(SORT(.fini_array.*))
 *(.fini_array)
                0x080003d4                PROVIDE (__fini_array_end, .)

.flashtext
 *(.flashtext .flashtext.*)

.text           0x080003e0     0x2ae9
 *(.text .text.*)
 .text.HAL_InitTick
                0x080003e0       0x2c ./system/src/stm32f4xx/stm32f4xx_hal.o
                0x080003e0                HAL_InitTick
 .text.HAL_Init
                0x0800040c       0x34 ./system/src/stm32f4xx/stm32f4xx_hal.o
                0x0800040c                HAL_Init
 .text.HAL_IncTick
                0x08000440       0x10 ./system/src/stm32f4xx/stm32f4xx_hal.o
                0x08000440                HAL_IncTick
 .text.HAL_GetTick
                0x08000450        0xc ./system/src/stm32f4xx/stm32f4xx_hal.o
                0x08000450                HAL_GetTick
 .text.HAL_NVIC_SetPriorityGrouping
                0x0800045c       0x24 ./system/src/stm32f4xx/stm32f4xx_hal_cortex.o
                0x0800045c                HAL_NVIC_SetPriorityGrouping
 .text.HAL_NVIC_SetPriority
                0x08000480       0x64 ./system/src/stm32f4xx/stm32f4xx_hal_cortex.o
                0x08000480                HAL_NVIC_SetPriority
 .text.HAL_SYSTICK_Config
                0x080004e4       0x2c ./system/src/stm32f4xx/stm32f4xx_hal_cortex.o
                0x080004e4                HAL_SYSTICK_Config
 .text.HAL_SYSTICK_CLKSourceConfig
                0x08000510       0x20 ./system/src/stm32f4xx/stm32f4xx_hal_cortex.o
                0x08000510                HAL_SYSTICK_CLKSourceConfig
 .text.HAL_GPIO_Init
                0x08000530      0x1b4 ./system/src/stm32f4xx/stm32f4xx_hal_gpio.o
                0x08000530                HAL_GPIO_Init
 .text.HAL_GPIO_WritePin
                0x080006e4        0xc ./system/src/stm32f4xx/stm32f4xx_hal_gpio.o
                0x080006e4                HAL_GPIO_WritePin
 .text.HAL_GPIO_TogglePin
                0x080006f0        0x8 ./system/src/stm32f4xx/stm32f4xx_hal_gpio.o
                0x080006f0                HAL_GPIO_TogglePin
 .text.HAL_RCC_OscConfig
                0x080006f8      0x3cc ./system/src/stm32f4xx/stm32f4xx_hal_rcc.o
                0x080006f8                HAL_RCC_OscConfig
 .text.HAL_RCC_GetSysClockFreq
                0x08000ac4       0x98 ./system/src/stm32f4xx/stm32f4xx_hal_rcc.o
                0x08000ac4                HAL_RCC_GetSysClockFreq
 .text.HAL_RCC_ClockConfig
                0x08000b5c      0x1b0 ./system/src/stm32f4xx/stm32f4xx_hal_rcc.o
                0x08000b5c                HAL_RCC_ClockConfig
 .text.HAL_RCC_GetHCLKFreq
                0x08000d0c        0xc ./system/src/stm32f4xx/stm32f4xx_hal_rcc.o
                0x08000d0c                HAL_RCC_GetHCLKFreq
 .text.HAL_RCC_GetPCLK1Freq
                0x08000d18       0x30 ./system/src/stm32f4xx/stm32f4xx_hal_rcc.o
                0x08000d18                HAL_RCC_GetPCLK1Freq
 .text.HAL_RCC_GetPCLK2Freq
                0x08000d48       0x30 ./system/src/stm32f4xx/stm32f4xx_hal_rcc.o
                0x08000d48                HAL_RCC_GetPCLK2Freq
 .text.UART_SetConfig
                0x08000d78      0x340 ./system/src/stm32f4xx/stm32f4xx_hal_uart.o
 .text.UART_WaitOnFlagUntilTimeout
                0x080010b8       0x68 ./system/src/stm32f4xx/stm32f4xx_hal_uart.o
 .text.HAL_UART_Init
                0x08001120       0x64 ./system/src/stm32f4xx/stm32f4xx_hal_uart.o
                0x08001120                HAL_UART_Init
 .text.HAL_UART_Transmit
                0x08001184       0xdc ./system/src/stm32f4xx/stm32f4xx_hal_uart.o
                0x08001184                HAL_UART_Transmit
 .text._exit    0x08001260        0x4 ./system/src/newlib/_exit.o
                0x08001260                _exit
 .text._sbrk    0x08001264       0x44 ./system/src/newlib/_sbrk.o
                0x08001264                _sbrk
 .text.__initialize_args
                0x080012a8       0x10 ./system/src/newlib/_syscalls.o
                0x080012a8                __initialize_args
 .text.trace_printf
                0x080012b8       0x34 ./system/src/diag/Trace.o
                0x080012b8                trace_printf
 .text.trace_write
                0x080012ec        0x8 ./system/src/diag/trace_impl.o
                0x080012ec                trace_write
 .text.__initialize_hardware_early
                0x080012f4       0x24 ./system/src/cortexm/_initialize_hardware.o
                0x080012f4                __initialize_hardware_early
 .text.__initialize_hardware
                0x08001318        0x8 ./system/src/cortexm/_initialize_hardware.o
                0x08001318                __initialize_hardware
 .text.dumpExceptionStack
                0x08001320       0xf0 ./system/src/cortexm/exception_handlers.o
                0x08001320                dumpExceptionStack
 .text.Default_Handler
                0x08001410        0x4 ./system/src/cmsis/startup_stm32f401xe.o
                0x08001410                RTC_Alarm_IRQHandler
                0x08001410                EXTI2_IRQHandler
                0x08001410                SPI4_IRQHandler
                0x08001410                TIM1_CC_IRQHandler
                0x08001410                DMA2_Stream5_IRQHandler
                0x08001410                DMA1_Stream5_IRQHandler
                0x08001410                PVD_IRQHandler
                0x08001410                SDIO_IRQHandler
                0x08001410                TAMP_STAMP_IRQHandler
                0x08001410                EXTI3_IRQHandler
                0x08001410                TIM1_UP_TIM10_IRQHandler
                0x08001410                I2C3_ER_IRQHandler
                0x08001410                EXTI0_IRQHandler
                0x08001410                I2C2_EV_IRQHandler
                0x08001410                DMA1_Stream2_IRQHandler
                0x08001410                FPU_IRQHandler
                0x08001410                DMA2_Stream2_IRQHandler
                0x08001410                SPI1_IRQHandler
                0x08001410                TIM1_BRK_TIM9_IRQHandler
                0x08001410                DMA2_Stream3_IRQHandler
                0x08001410                USART6_IRQHandler
                0x08001410                DMA2_Stream0_IRQHandler
                0x08001410                TIM4_IRQHandler
                0x08001410                I2C1_EV_IRQHandler
                0x08001410                DMA1_Stream6_IRQHandler
                0x08001410                DMA1_Stream1_IRQHandler
                0x08001410                TIM3_IRQHandler
                0x08001410                RCC_IRQHandler
                0x08001410                Default_Handler
                0x08001410                EXTI15_10_IRQHandler
                0x08001410                ADC_IRQHandler
                0x08001410                DMA1_Stream7_IRQHandler
                0x08001410                TIM5_IRQHandler
                0x08001410                DMA2_Stream7_IRQHandler
                0x08001410                I2C3_EV_IRQHandler
                0x08001410                EXTI9_5_IRQHandler
                0x08001410                RTC_WKUP_IRQHandler
                0x08001410                SPI2_IRQHandler
                0x08001410                DMA1_Stream0_IRQHandler
                0x08001410                EXTI4_IRQHandler
                0x08001410                WWDG_IRQHandler
                0x08001410                TIM2_IRQHandler
                0x08001410                OTG_FS_WKUP_IRQHandler
                0x08001410                TIM1_TRG_COM_TIM11_IRQHandler
                0x08001410                EXTI1_IRQHandler
                0x08001410                USART2_IRQHandler
                0x08001410                I2C2_ER_IRQHandler
                0x08001410                DMA2_Stream1_IRQHandler
                0x08001410                FLASH_IRQHandler
                0x08001410                DMA2_Stream4_IRQHandler
                0x08001410                USART1_IRQHandler
                0x08001410                OTG_FS_IRQHandler
                0x08001410                SPI3_IRQHandler
                0x08001410                DMA1_Stream4_IRQHandler
                0x08001410                I2C1_ER_IRQHandler
                0x08001410                DMA2_Stream6_IRQHandler
                0x08001410                DMA1_Stream3_IRQHandler
 .text.SystemInit
                0x08001414       0x4c ./system/src/cmsis/system_stm32f4xx.o
                0x08001414                SystemInit
 .text.SystemCoreClockUpdate
                0x08001460       0xa0 ./system/src/cmsis/system_stm32f4xx.o
                0x08001460                SystemCoreClockUpdate
 .text.MX_GPIO_Init
                0x08001500       0xa0 ./src/main.o
 .text.StartDefaultTask
                0x080015a0       0x18 ./src/main.o
                0x080015a0                StartDefaultTask
 .text._Error_Handler
                0x080015b8        0x4 ./src/main.o
                0x080015b8                _Error_Handler
 .text.MX_USART2_UART_Init
                0x080015bc       0x3c ./src/main.o
 .text.SystemClock_Config
                0x080015f8       0xc4 ./src/main.o
                0x080015f8                SystemClock_Config
 .text.main     0x080016bc       0x58 ./src/main.o
                0x080016bc                main
 .text.HAL_MspInit
                0x08001714       0x60 ./src/stm32f4xx_hal_msp.o
                0x08001714                HAL_MspInit
 .text.HAL_UART_MspInit
                0x08001774       0x50 ./src/stm32f4xx_hal_msp.o
                0x08001774                HAL_UART_MspInit
 .text.SysTick_Handler
                0x080017c4        0xc ./src/stm32f4xx_it.o
                0x080017c4                SysTick_Handler
 .text.prvHeapInit
                0x080017d0       0x64 ./Middlewares/Third_Party/FreeRTOS/Source/portable/MemMang/heap_4.o
 .text.prvInsertBlockIntoFreeList
                0x08001834       0x58 ./Middlewares/Third_Party/FreeRTOS/Source/portable/MemMang/heap_4.o
 .text.pvPortMalloc
                0x0800188c       0xec ./Middlewares/Third_Party/FreeRTOS/Source/portable/MemMang/heap_4.o
                0x0800188c                pvPortMalloc
 .text.vPortFree
                0x08001978       0x74 ./Middlewares/Third_Party/FreeRTOS/Source/portable/MemMang/heap_4.o
                0x08001978                vPortFree
 .text.prvTaskExitError
                0x080019ec       0x34 ./Middlewares/Third_Party/FreeRTOS/Source/portable/GCC/ARM_CM4F/port.o
 .text.prvPortStartFirstTask
                0x08001a20       0x20 ./Middlewares/Third_Party/FreeRTOS/Source/portable/GCC/ARM_CM4F/port.o
 .text.vPortEnableVFP
                0x08001a40       0x14 ./Middlewares/Third_Party/FreeRTOS/Source/portable/GCC/ARM_CM4F/port.o
 .text.pxPortInitialiseStack
                0x08001a54       0x2c ./Middlewares/Third_Party/FreeRTOS/Source/portable/GCC/ARM_CM4F/port.o
                0x08001a54                pxPortInitialiseStack
 .text.SVC_Handler
                0x08001a80       0x30 ./Middlewares/Third_Party/FreeRTOS/Source/portable/GCC/ARM_CM4F/port.o
                0x08001a80                SVC_Handler
 .text.vPortEnterCritical
                0x08001ab0       0x44 ./Middlewares/Third_Party/FreeRTOS/Source/portable/GCC/ARM_CM4F/port.o
                0x08001ab0                vPortEnterCritical
 .text.vPortExitCritical
                0x08001af4       0x2c ./Middlewares/Third_Party/FreeRTOS/Source/portable/GCC/ARM_CM4F/port.o
                0x08001af4                vPortExitCritical
 .text.PendSV_Handler
                0x08001b20       0x70 ./Middlewares/Third_Party/FreeRTOS/Source/portable/GCC/ARM_CM4F/port.o
                0x08001b20                PendSV_Handler
 .text.xPortSysTickHandler
                0x08001b90       0x2c ./Middlewares/Third_Party/FreeRTOS/Source/portable/GCC/ARM_CM4F/port.o
                0x08001b90                xPortSysTickHandler
 .text.vPortSetupTimerInterrupt
                0x08001bbc       0x28 ./Middlewares/Third_Party/FreeRTOS/Source/portable/GCC/ARM_CM4F/port.o
                0x08001bbc                vPortSetupTimerInterrupt
 .text.xPortStartScheduler
                0x08001be4       0xec ./Middlewares/Third_Party/FreeRTOS/Source/portable/GCC/ARM_CM4F/port.o
                0x08001be4                xPortStartScheduler
 .text.makeFreeRtosPriority
                0x08001cd0        0xc ./Middlewares/Third_Party/FreeRTOS/Source/CMSIS_RTOS/cmsis_os.o
 .text.osKernelStart
                0x08001cdc        0xc ./Middlewares/Third_Party/FreeRTOS/Source/CMSIS_RTOS/cmsis_os.o
                0x08001cdc                osKernelStart
 .text.osThreadCreate
                0x08001ce8       0x34 ./Middlewares/Third_Party/FreeRTOS/Source/CMSIS_RTOS/cmsis_os.o
                0x08001ce8                osThreadCreate
 .text.osDelay  0x08001d1c       0x10 ./Middlewares/Third_Party/FreeRTOS/Source/CMSIS_RTOS/cmsis_os.o
                0x08001d1c                osDelay
 .text.osSystickHandler
                0x08001d2c       0x10 ./Middlewares/Third_Party/FreeRTOS/Source/CMSIS_RTOS/cmsis_os.o
                0x08001d2c                osSystickHandler
 .text.vListInitialise
                0x08001d3c       0x18 ./Middlewares/Third_Party/FreeRTOS/Source/list.o
                0x08001d3c                vListInitialise
 .text.vListInitialiseItem
                0x08001d54        0x8 ./Middlewares/Third_Party/FreeRTOS/Source/list.o
                0x08001d54                vListInitialiseItem
 .text.vListInsertEnd
                0x08001d5c       0x18 ./Middlewares/Third_Party/FreeRTOS/Source/list.o
                0x08001d5c                vListInsertEnd
 .text.vListInsert
                0x08001d74       0x34 ./Middlewares/Third_Party/FreeRTOS/Source/list.o
                0x08001d74                vListInsert
 .text.uxListRemove
                0x08001da8       0x24 ./Middlewares/Third_Party/FreeRTOS/Source/list.o
                0x08001da8                uxListRemove
 .text.prvResetNextTaskUnblockTime
                0x08001dcc       0x34 ./Middlewares/Third_Party/FreeRTOS/Source/tasks.o
 .text.prvDeleteTCB
                0x08001e00       0x14 ./Middlewares/Third_Party/FreeRTOS/Source/tasks.o
 .text.prvInitialiseNewTask
                0x08001e14       0x7c ./Middlewares/Third_Party/FreeRTOS/Source/tasks.o
 .text.prvInitialiseTaskLists
                0x08001e90       0x68 ./Middlewares/Third_Party/FreeRTOS/Source/tasks.o
 .text.prvAddNewTaskToReadyList
                0x08001ef8       0xa8 ./Middlewares/Third_Party/FreeRTOS/Source/tasks.o
 .text.prvAddCurrentTaskToDelayedList
                0x08001fa0       0x94 ./Middlewares/Third_Party/FreeRTOS/Source/tasks.o
 .text.xTaskCreate
                0x08002034       0x64 ./Middlewares/Third_Party/FreeRTOS/Source/tasks.o
                0x08002034                xTaskCreate
 .text.vTaskStartScheduler
                0x08002098       0x7c ./Middlewares/Third_Party/FreeRTOS/Source/tasks.o
                0x08002098                vTaskStartScheduler
 .text.vTaskSuspendAll
                0x08002114       0x10 ./Middlewares/Third_Party/FreeRTOS/Source/tasks.o
                0x08002114                vTaskSuspendAll
 .text.xTaskIncrementTick
                0x08002124      0x124 ./Middlewares/Third_Party/FreeRTOS/Source/tasks.o
                0x08002124                xTaskIncrementTick
 .text.xTaskResumeAll
                0x08002248       0xf8 ./Middlewares/Third_Party/FreeRTOS/Source/tasks.o
                0x08002248                xTaskResumeAll
 .text.vTaskDelay
                0x08002340       0x50 ./Middlewares/Third_Party/FreeRTOS/Source/tasks.o
                0x08002340                vTaskDelay
 .text.prvCheckTasksWaitingTermination
                0x08002390       0x54 ./Middlewares/Third_Party/FreeRTOS/Source/tasks.o
 .text.prvIdleTask
                0x080023e4       0x28 ./Middlewares/Third_Party/FreeRTOS/Source/tasks.o
 .text.vTaskSwitchContext
                0x0800240c       0x7c ./Middlewares/Third_Party/FreeRTOS/Source/tasks.o
                0x0800240c                vTaskSwitchContext
 .text.xTaskGetSchedulerState
                0x08002488       0x20 ./Middlewares/Third_Party/FreeRTOS/Source/tasks.o
                0x08002488                xTaskGetSchedulerState
 .text.__errno  0x080024a8        0xc c:/stm32toolchain/gnu-arm/4.8-2014q3/bin/../lib/gcc/arm-none-eabi/4.8.4/../../../../arm-none-eabi/lib/armv7e-m/softfp\libg_s.a(lib_a-errno.o)
                0x080024a8                __errno
 .text.memcpy   0x080024b4       0x12 c:/stm32toolchain/gnu-arm/4.8-2014q3/bin/../lib/gcc/arm-none-eabi/4.8.4/../../../../arm-none-eabi/lib/armv7e-m/softfp\libg_s.a(lib_a-memcpy-stub.o)
                0x080024b4                memcpy
 .text.strlen   0x080024c6       0x10 c:/stm32toolchain/gnu-arm/4.8-2014q3/bin/../lib/gcc/arm-none-eabi/4.8.4/../../../../arm-none-eabi/lib/armv7e-m/softfp\libg_s.a(lib_a-strlen.o)
                0x080024c6                strlen
 .text._vsnprintf_r
                0x080024d6       0x52 c:/stm32toolchain/gnu-arm/4.8-2014q3/bin/../lib/gcc/arm-none-eabi/4.8.4/../../../../arm-none-eabi/lib/armv7e-m/softfp\libg_s.a(lib_a-vsnprintf.o)
                0x080024d6                _vsniprintf_r
                0x080024d6                _vsnprintf_r
 .text.vsnprintf
                0x08002528       0x20 c:/stm32toolchain/gnu-arm/4.8-2014q3/bin/../lib/gcc/arm-none-eabi/4.8.4/../../../../arm-none-eabi/lib/armv7e-m/softfp\libg_s.a(lib_a-vsnprintf.o)
                0x08002528                vsniprintf
                0x08002528                vsnprintf
 .text.__ssputs_r
                0x08002548       0xb8 c:/stm32toolchain/gnu-arm/4.8-2014q3/bin/../lib/gcc/arm-none-eabi/4.8.4/../../../../arm-none-eabi/lib/armv7e-m/softfp\libg_s.a(lib_a-svfprintf.o)
                0x08002548                __ssputs_r
 .text._svfprintf_r
                0x08002600      0x1dc c:/stm32toolchain/gnu-arm/4.8-2014q3/bin/../lib/gcc/arm-none-eabi/4.8.4/../../../../arm-none-eabi/lib/armv7e-m/softfp\libg_s.a(lib_a-svfprintf.o)
                0x08002600                _svfiprintf_r
                0x08002600                _svfprintf_r
 .text._printf_common
                0x080027dc       0xe4 c:/stm32toolchain/gnu-arm/4.8-2014q3/bin/../lib/gcc/arm-none-eabi/4.8.4/../../../../arm-none-eabi/lib/armv7e-m/softfp\libg_s.a(lib_a-vfprintf_i.o)
                0x080027dc                _printf_common
 .text._printf_i
                0x080028c0      0x228 c:/stm32toolchain/gnu-arm/4.8-2014q3/bin/../lib/gcc/arm-none-eabi/4.8.4/../../../../arm-none-eabi/lib/armv7e-m/softfp\libg_s.a(lib_a-vfprintf_i.o)
                0x080028c0                _printf_i
 .text.memchr   0x08002ae8       0x1e c:/stm32toolchain/gnu-arm/4.8-2014q3/bin/../lib/gcc/arm-none-eabi/4.8.4/../../../../arm-none-eabi/lib/armv7e-m/softfp\libg_s.a(lib_a-memchr-stub.o)
                0x08002ae8                memchr
 .text.memmove  0x08002b06       0x36 c:/stm32toolchain/gnu-arm/4.8-2014q3/bin/../lib/gcc/arm-none-eabi/4.8.4/../../../../arm-none-eabi/lib/armv7e-m/softfp\libg_s.a(lib_a-memmove.o)
                0x08002b06                memmove
 .text._free_r  0x08002b3c       0x88 c:/stm32toolchain/gnu-arm/4.8-2014q3/bin/../lib/gcc/arm-none-eabi/4.8.4/../../../../arm-none-eabi/lib/armv7e-m/softfp\libg_s.a(lib_a-nano-freer.o)
                0x08002b3c                _free_r
 .text._malloc_r
                0x08002bc4       0xa8 c:/stm32toolchain/gnu-arm/4.8-2014q3/bin/../lib/gcc/arm-none-eabi/4.8.4/../../../../arm-none-eabi/lib/armv7e-m/softfp\libg_s.a(lib_a-nano-mallocr.o)
                0x08002bc4                _malloc_r
 .text._realloc_r
                0x08002c6c       0x4c c:/stm32toolchain/gnu-arm/4.8-2014q3/bin/../lib/gcc/arm-none-eabi/4.8.4/../../../../arm-none-eabi/lib/armv7e-m/softfp\libg_s.a(lib_a-nano-reallocr.o)
                0x08002c6c                _realloc_r
 .text._sbrk_r  0x08002cb8       0x20 c:/stm32toolchain/gnu-arm/4.8-2014q3/bin/../lib/gcc/arm-none-eabi/4.8.4/../../../../arm-none-eabi/lib/armv7e-m/softfp\libg_s.a(lib_a-sbrkr.o)
                0x08002cb8                _sbrk_r
 .text._malloc_usable_size_r
                0x08002cd8       0x12 c:/stm32toolchain/gnu-arm/4.8-2014q3/bin/../lib/gcc/arm-none-eabi/4.8.4/../../../../arm-none-eabi/lib/armv7e-m/softfp\libg_s.a(lib_a-nano-msizer.o)
                0x08002cd8                _malloc_usable_size_r
 *(.rodata .rodata.* .constdata .constdata.*)
 *fill*         0x08002cea        0x2 
 .rodata.str1.4
                0x08002cec      0x146 ./system/src/cortexm/exception_handlers.o
                                0x148 (size before relaxing)
 *fill*         0x08002e32        0x2 
 .rodata.AHBPrescTable
                0x08002e34       0x10 ./system/src/cmsis/system_stm32f4xx.o
                0x08002e34                AHBPrescTable
 .rodata.APBPrescTable
                0x08002e44        0x8 ./system/src/cmsis/system_stm32f4xx.o
                0x08002e44                APBPrescTable
 .rodata        0x08002e4c       0x14 ./src/main.o
 .rodata.str1.4
                0x08002e60       0x2c ./src/main.o
 .rodata.str1.4
                0x08002e8c        0x8 ./Middlewares/Third_Party/FreeRTOS/Source/tasks.o
 .rodata.str1.1
                0x08002e94        0x2 c:/stm32toolchain/gnu-arm/4.8-2014q3/bin/../lib/gcc/arm-none-eabi/4.8.4/../../../../arm-none-eabi/lib/armv7e-m/softfp\libg_s.a(lib_a-impure.o)
 .rodata.str1.1
                0x08002e96       0x11 c:/stm32toolchain/gnu-arm/4.8-2014q3/bin/../lib/gcc/arm-none-eabi/4.8.4/../../../../arm-none-eabi/lib/armv7e-m/softfp\libg_s.a(lib_a-svfprintf.o)
 .rodata.str1.1
                0x08002ea7       0x22 c:/stm32toolchain/gnu-arm/4.8-2014q3/bin/../lib/gcc/arm-none-eabi/4.8.4/../../../../arm-none-eabi/lib/armv7e-m/softfp\libg_s.a(lib_a-vfprintf_i.o)
 *(vtable)
 *(.eh_frame*)
 *(.glue_7)
 .glue_7        0x00000000        0x0 linker stubs
 *(.glue_7t)
 .glue_7t       0x00000000        0x0 linker stubs

.vfp11_veneer   0x08002ecc        0x0
 .vfp11_veneer  0x00000000        0x0 linker stubs

.v4_bx          0x08002ecc        0x0
 .v4_bx         0x00000000        0x0 linker stubs

.iplt           0x08002ecc        0x0
 .iplt          0x00000000        0x0 ./system/src/stm32f4xx/stm32f4xx_hal.o

.rel.dyn        0x08002ecc        0x0
 .rel.iplt      0x00000000        0x0 ./system/src/stm32f4xx/stm32f4xx_hal.o

.ARM.extab
 *(.ARM.extab* .gnu.linkonce.armextab.*)
                0x08002ecc                . = ALIGN (0x4)
                0x08002ecc                __exidx_start = .

.ARM.exidx
 *(.ARM.exidx* .gnu.linkonce.armexidx.*)
                0x08002ecc                __exidx_end = .
                0x08002ecc                . = ALIGN (0x4)
                0x08002ecc                _etext = .
                0x08002ecc                __etext = .

.data_CCMRAM    0x10000000        0x0 load address 0x08002ecc
 FILL mask 0xff
 *(.data.CCMRAM .data.CCMRAM.*)
                0x10000000                . = ALIGN (0x4)
                0x08002ecc                _sidata = LOADADDR (.data)

.data           0x20000000       0x7c load address 0x08002ecc
 FILL mask 0xff
                0x20000000                _sdata = .
                0x20000000                __data_start__ = .
 *(.data_begin .data_begin.*)
 .data_begin    0x20000000        0x4 ./system/src/newlib/_startup.o
 *(.data .data.*)
 .data.argv.4015
                0x20000004        0x8 ./system/src/newlib/_syscalls.o
 .data.SystemCoreClock
                0x2000000c        0x4 ./system/src/cmsis/system_stm32f4xx.o
                0x2000000c                SystemCoreClock
 .data.uxCriticalNesting
                0x20000010        0x4 ./Middlewares/Third_Party/FreeRTOS/Source/portable/GCC/ARM_CM4F/port.o
 .data.impure_data
                0x20000014       0x60 c:/stm32toolchain/gnu-arm/4.8-2014q3/bin/../lib/gcc/arm-none-eabi/4.8.4/../../../../arm-none-eabi/lib/armv7e-m/softfp\libg_s.a(lib_a-impure.o)
 .data._impure_ptr
                0x20000074        0x4 c:/stm32toolchain/gnu-arm/4.8-2014q3/bin/../lib/gcc/arm-none-eabi/4.8.4/../../../../arm-none-eabi/lib/armv7e-m/softfp\libg_s.a(lib_a-impure.o)
                0x20000074                _impure_ptr
 *(.data_end .data_end.*)
 .data_end      0x20000078        0x4 ./system/src/newlib/_startup.o
                0x2000007c                . = ALIGN (0x4)
                0x2000007c                _edata = .
                0x2000007c                __data_end__ = .

.igot.plt       0x2000007c        0x0 load address 0x08002f48
 .igot.plt      0x00000000        0x0 ./system/src/stm32f4xx/stm32f4xx_hal.o

.bss_CCMRAM     0x10000000        0x0
 *(.bss.CCMRAM .bss.CCMRAM.*)

.bss            0x2000007c     0x3e30
                0x2000007c                __bss_start__ = .
                0x2000007c                _sbss = .
 *(.bss_begin .bss_begin.*)
 .bss_begin     0x2000007c        0x4 ./system/src/newlib/_startup.o
 *(.bss .bss.*)
 .bss.current_heap_end.3842
                0x20000080        0x4 ./system/src/newlib/_sbrk.o
 .bss.name.4014
                0x20000084        0x4 ./system/src/newlib/_syscalls.o
 .bss.buf.4905  0x20000088       0x80 ./system/src/diag/Trace.o
 .bss.xFreeBytesRemaining
                0x20000108        0x4 ./Middlewares/Third_Party/FreeRTOS/Source/portable/MemMang/heap_4.o
 .bss.pxEnd     0x2000010c        0x4 ./Middlewares/Third_Party/FreeRTOS/Source/portable/MemMang/heap_4.o
 .bss.xStart    0x20000110        0x8 ./Middlewares/Third_Party/FreeRTOS/Source/portable/MemMang/heap_4.o
 .bss.ucHeap    0x20000118     0x3c00 ./Middlewares/Third_Party/FreeRTOS/Source/portable/MemMang/heap_4.o
 .bss.xBlockAllocatedBit
                0x20003d18        0x4 ./Middlewares/Third_Party/FreeRTOS/Source/portable/MemMang/heap_4.o
 .bss.xMinimumEverFreeBytesRemaining
                0x20003d1c        0x4 ./Middlewares/Third_Party/FreeRTOS/Source/portable/MemMang/heap_4.o
 .bss.ucMaxSysCallPriority
                0x20003d20        0x1 ./Middlewares/Third_Party/FreeRTOS/Source/portable/GCC/ARM_CM4F/port.o
 *fill*         0x20003d21        0x3 
 .bss.ulMaxPRIGROUPValue
                0x20003d24        0x4 ./Middlewares/Third_Party/FreeRTOS/Source/portable/GCC/ARM_CM4F/port.o
 .bss.xNumOfOverflows
                0x20003d28        0x4 ./Middlewares/Third_Party/FreeRTOS/Source/tasks.o
 .bss.pxDelayedTaskList
                0x20003d2c        0x4 ./Middlewares/Third_Party/FreeRTOS/Source/tasks.o
 .bss.xSchedulerRunning
                0x20003d30        0x4 ./Middlewares/Third_Party/FreeRTOS/Source/tasks.o
 .bss.xTasksWaitingTermination
                0x20003d34       0x14 ./Middlewares/Third_Party/FreeRTOS/Source/tasks.o
 .bss.pxOverflowDelayedTaskList
                0x20003d48        0x4 ./Middlewares/Third_Party/FreeRTOS/Source/tasks.o
 .bss.uxPendedTicks
                0x20003d4c        0x4 ./Middlewares/Third_Party/FreeRTOS/Source/tasks.o
 .bss.pxReadyTasksLists
                0x20003d50       0x8c ./Middlewares/Third_Party/FreeRTOS/Source/tasks.o
 .bss.uxSchedulerSuspended
                0x20003ddc        0x4 ./Middlewares/Third_Party/FreeRTOS/Source/tasks.o
 .bss.uxDeletedTasksWaitingCleanUp
                0x20003de0        0x4 ./Middlewares/Third_Party/FreeRTOS/Source/tasks.o
 .bss.uxCurrentNumberOfTasks
                0x20003de4        0x4 ./Middlewares/Third_Party/FreeRTOS/Source/tasks.o
 .bss.pxCurrentTCB
                0x20003de8        0x4 ./Middlewares/Third_Party/FreeRTOS/Source/tasks.o
                0x20003de8                pxCurrentTCB
 .bss.xPendingReadyList
                0x20003dec       0x14 ./Middlewares/Third_Party/FreeRTOS/Source/tasks.o
 .bss.xIdleTaskHandle
                0x20003e00        0x4 ./Middlewares/Third_Party/FreeRTOS/Source/tasks.o
 .bss.xTickCount
                0x20003e04        0x4 ./Middlewares/Third_Party/FreeRTOS/Source/tasks.o
 .bss.xNextTaskUnblockTime
                0x20003e08        0x4 ./Middlewares/Third_Party/FreeRTOS/Source/tasks.o
 .bss.uxTaskNumber
                0x20003e0c        0x4 ./Middlewares/Third_Party/FreeRTOS/Source/tasks.o
 .bss.xDelayedTaskList1
                0x20003e10       0x14 ./Middlewares/Third_Party/FreeRTOS/Source/tasks.o
 .bss.xDelayedTaskList2
                0x20003e24       0x14 ./Middlewares/Third_Party/FreeRTOS/Source/tasks.o
 .bss.xSuspendedTaskList
                0x20003e38       0x14 ./Middlewares/Third_Party/FreeRTOS/Source/tasks.o
 .bss.uxTopReadyPriority
                0x20003e4c        0x4 ./Middlewares/Third_Party/FreeRTOS/Source/tasks.o
 .bss.xYieldPending
                0x20003e50        0x4 ./Middlewares/Third_Party/FreeRTOS/Source/tasks.o
 .bss.__malloc_sbrk_start
                0x20003e54        0x4 c:/stm32toolchain/gnu-arm/4.8-2014q3/bin/../lib/gcc/arm-none-eabi/4.8.4/../../../../arm-none-eabi/lib/armv7e-m/softfp\libg_s.a(lib_a-nano-mallocr.o)
                0x20003e54                __malloc_sbrk_start
 .bss.__malloc_free_list
                0x20003e58        0x4 c:/stm32toolchain/gnu-arm/4.8-2014q3/bin/../lib/gcc/arm-none-eabi/4.8.4/../../../../arm-none-eabi/lib/armv7e-m/softfp\libg_s.a(lib_a-nano-mallocr.o)
                0x20003e58                __malloc_free_list
 *(COMMON)
 COMMON         0x20003e5c        0x4 ./system/src/stm32f4xx/stm32f4xx_hal.o
                0x20003e5c                uwTick
 COMMON         0x20003e60        0x4 ./system/src/newlib/_syscalls.o
                0x20003e60                errno
 COMMON         0x20003e64       0x44 ./src/main.o
                0x20003e64                defaultTaskHandle
                0x20003e68                huart2
 *(.bss_end .bss_end.*)
 .bss_end       0x20003ea8        0x4 ./system/src/newlib/_startup.o
                0x20003eac                . = ALIGN (0x4)
                0x20003eac                __bss_end__ = .
                0x20003eac                _ebss = .

.noinit_CCMRAM
 *(.noinit.CCMRAM .noinit.CCMRAM.*)

.noinit         0x20003eac        0x0
                0x20003eac                _noinit = .
 *(.noinit .noinit.*)
                0x20003eac                . = ALIGN (0x4)
                0x20003eac                _end_noinit = .
                0x20003eac                PROVIDE (end, _end_noinit)
                0x20003eac                PROVIDE (_end, _end_noinit)
                0x20003eac                PROVIDE (__end, _end_noinit)
                0x20003eac                PROVIDE (__end__, _end_noinit)

._check_stack   0x20003eac      0x100
                0x20003fac                . = (. + _Minimum_Stack_Size)
 *fill*         0x20003eac      0x100 

.b1text
 *(.b1text)
 *(.b1rodata)
 *(.b1rodata.*)

.eb0text
 *(.eb0text)
 *(.eb0rodata)
 *(.eb0rodata.*)

.eb1text
 *(.eb1text)
 *(.eb1rodata)
 *(.eb1rodata.*)

.eb2text
 *(.eb2text)
 *(.eb2rodata)
 *(.eb2rodata.*)

.eb3text
 *(.eb3text)
 *(.eb3rodata)
 *(.eb3rodata.*)

.stab
 *(.stab)

.stabstr
 *(.stabstr)

.stab.excl
 *(.stab.excl)

.stab.exclstr
 *(.stab.exclstr)

.stab.index
 *(.stab.index)

.stab.indexstr
 *(.stab.indexstr)

.comment        0x00000000       0x70
 *(.comment)
 .comment       0x00000000       0x70 ./system/src/stm32f4xx/stm32f4xx_hal.o
                                 0x71 (size before relaxing)
 .comment       0x00000000       0x71 ./system/src/stm32f4xx/stm32f4xx_hal_cortex.o
 .comment       0x00000000       0x71 ./system/src/stm32f4xx/stm32f4xx_hal_gpio.o
 .comment       0x00000000       0x71 ./system/src/stm32f4xx/stm32f4xx_hal_rcc.o
 .comment       0x00000000       0x71 ./system/src/stm32f4xx/stm32f4xx_hal_uart.o
 .comment       0x00000000       0x71 ./system/src/newlib/_exit.o
 .comment       0x00000000       0x71 ./system/src/newlib/_sbrk.o
 .comment       0x00000000       0x71 ./system/src/newlib/_startup.o
 .comment       0x00000000       0x71 ./system/src/newlib/_syscalls.o
 .comment       0x00000000       0x71 ./system/src/diag/Trace.o
 .comment       0x00000000       0x71 ./system/src/diag/trace_impl.o
 .comment       0x00000000       0x71 ./system/src/cortexm/_initialize_hardware.o
 .comment       0x00000000       0x71 ./system/src/cortexm/exception_handlers.o
 .comment       0x00000000       0x71 ./system/src/cmsis/system_stm32f4xx.o
 .comment       0x00000000       0x71 ./src/main.o
 .comment       0x00000000       0x71 ./src/stm32f4xx_hal_msp.o
 .comment       0x00000000       0x71 ./src/stm32f4xx_it.o
 .comment       0x00000000       0x71 ./Middlewares/Third_Party/FreeRTOS/Source/portable/MemMang/heap_4.o
 .comment       0x00000000       0x71 ./Middlewares/Third_Party/FreeRTOS/Source/portable/GCC/ARM_CM4F/port.o
 .comment       0x00000000       0x71 ./Middlewares/Third_Party/FreeRTOS/Source/CMSIS_RTOS/cmsis_os.o
 .comment       0x00000000       0x71 ./Middlewares/Third_Party/FreeRTOS/Source/list.o
 .comment       0x00000000       0x71 ./Middlewares/Third_Party/FreeRTOS/Source/tasks.o

.ARM.attributes
                0x00000000       0x35
 .ARM.attributes
                0x00000000       0x37 ./system/src/stm32f4xx/stm32f4xx_hal.o
 .ARM.attributes
                0x00000037       0x37 ./system/src/stm32f4xx/stm32f4xx_hal_cortex.o
 .ARM.attributes
                0x0000006e       0x37 ./system/src/stm32f4xx/stm32f4xx_hal_gpio.o
 .ARM.attributes
                0x000000a5       0x37 ./system/src/stm32f4xx/stm32f4xx_hal_rcc.o
 .ARM.attributes
                0x000000dc       0x37 ./system/src/stm32f4xx/stm32f4xx_hal_uart.o
 .ARM.attributes
                0x00000113       0x33 ./system/src/newlib/_exit.o
 .ARM.attributes
                0x00000146       0x33 ./system/src/newlib/_sbrk.o
 .ARM.attributes
                0x00000179       0x33 ./system/src/newlib/_startup.o
 .ARM.attributes
                0x000001ac       0x33 ./system/src/newlib/_syscalls.o
 .ARM.attributes
                0x000001df       0x33 ./system/src/diag/Trace.o
 .ARM.attributes
                0x00000212       0x37 ./system/src/diag/trace_impl.o
 .ARM.attributes
                0x00000249       0x37 ./system/src/cortexm/_initialize_hardware.o
 .ARM.attributes
                0x00000280       0x37 ./system/src/cortexm/exception_handlers.o
 .ARM.attributes
                0x000002b7       0x21 ./system/src/cmsis/startup_stm32f401xe.o
 .ARM.attributes
                0x000002d8       0x37 ./system/src/cmsis/system_stm32f4xx.o
 .ARM.attributes
                0x0000030f       0x37 ./src/main.o
 .ARM.attributes
                0x00000346       0x37 ./src/stm32f4xx_hal_msp.o
 .ARM.attributes
                0x0000037d       0x37 ./src/stm32f4xx_it.o
 .ARM.attributes
                0x000003b4       0x37 ./Middlewares/Third_Party/FreeRTOS/Source/portable/MemMang/heap_4.o
 .ARM.attributes
                0x000003eb       0x37 ./Middlewares/Third_Party/FreeRTOS/Source/portable/GCC/ARM_CM4F/port.o
 .ARM.attributes
                0x00000422       0x37 ./Middlewares/Third_Party/FreeRTOS/Source/CMSIS_RTOS/cmsis_os.o
 .ARM.attributes
                0x00000459       0x37 ./Middlewares/Third_Party/FreeRTOS/Source/list.o
 .ARM.attributes
                0x00000490       0x37 ./Middlewares/Third_Party/FreeRTOS/Source/tasks.o
 .ARM.attributes
                0x000004c7       0x32 c:/stm32toolchain/gnu-arm/4.8-2014q3/bin/../lib/gcc/arm-none-eabi/4.8.4/../../../../arm-none-eabi/lib/armv7e-m/softfp\libg_s.a(lib_a-errno.o)
 .ARM.attributes
                0x000004f9       0x32 c:/stm32toolchain/gnu-arm/4.8-2014q3/bin/../lib/gcc/arm-none-eabi/4.8.4/../../../../arm-none-eabi/lib/armv7e-m/softfp\libg_s.a(lib_a-impure.o)
 .ARM.attributes
                0x0000052b       0x32 c:/stm32toolchain/gnu-arm/4.8-2014q3/bin/../lib/gcc/arm-none-eabi/4.8.4/../../../../arm-none-eabi/lib/armv7e-m/softfp\libg_s.a(lib_a-memcpy-stub.o)
 .ARM.attributes
                0x0000055d       0x32 c:/stm32toolchain/gnu-arm/4.8-2014q3/bin/../lib/gcc/arm-none-eabi/4.8.4/../../../../arm-none-eabi/lib/armv7e-m/softfp\libg_s.a(lib_a-strlen.o)
 .ARM.attributes
                0x0000058f       0x32 c:/stm32toolchain/gnu-arm/4.8-2014q3/bin/../lib/gcc/arm-none-eabi/4.8.4/../../../../arm-none-eabi/lib/armv7e-m/softfp\libg_s.a(lib_a-vsnprintf.o)
 .ARM.attributes
                0x000005c1       0x32 c:/stm32toolchain/gnu-arm/4.8-2014q3/bin/../lib/gcc/arm-none-eabi/4.8.4/../../../../arm-none-eabi/lib/armv7e-m/softfp\libg_s.a(lib_a-svfprintf.o)
 .ARM.attributes
                0x000005f3       0x32 c:/stm32toolchain/gnu-arm/4.8-2014q3/bin/../lib/gcc/arm-none-eabi/4.8.4/../../../../arm-none-eabi/lib/armv7e-m/softfp\libg_s.a(lib_a-vfprintf_i.o)
 .ARM.attributes
                0x00000625       0x32 c:/stm32toolchain/gnu-arm/4.8-2014q3/bin/../lib/gcc/arm-none-eabi/4.8.4/../../../../arm-none-eabi/lib/armv7e-m/softfp\libg_s.a(lib_a-memchr-stub.o)
 .ARM.attributes
                0x00000657       0x32 c:/stm32toolchain/gnu-arm/4.8-2014q3/bin/../lib/gcc/arm-none-eabi/4.8.4/../../../../arm-none-eabi/lib/armv7e-m/softfp\libg_s.a(lib_a-memmove.o)
 .ARM.attributes
                0x00000689       0x32 c:/stm32toolchain/gnu-arm/4.8-2014q3/bin/../lib/gcc/arm-none-eabi/4.8.4/../../../../arm-none-eabi/lib/armv7e-m/softfp\libg_s.a(lib_a-nano-freer.o)
 .ARM.attributes
                0x000006bb       0x32 c:/stm32toolchain/gnu-arm/4.8-2014q3/bin/../lib/gcc/arm-none-eabi/4.8.4/../../../../arm-none-eabi/lib/armv7e-m/softfp\libg_s.a(lib_a-nano-mallocr.o)
 .ARM.attributes
                0x000006ed       0x32 c:/stm32toolchain/gnu-arm/4.8-2014q3/bin/../lib/gcc/arm-none-eabi/4.8.4/../../../../arm-none-eabi/lib/armv7e-m/softfp\libg_s.a(lib_a-nano-reallocr.o)
 .ARM.attributes
                0x0000071f       0x32 c:/stm32toolchain/gnu-arm/4.8-2014q3/bin/../lib/gcc/arm-none-eabi/4.8.4/../../../../arm-none-eabi/lib/armv7e-m/softfp\libg_s.a(lib_a-sbrkr.o)
 .ARM.attributes
                0x00000751       0x32 c:/stm32toolchain/gnu-arm/4.8-2014q3/bin/../lib/gcc/arm-none-eabi/4.8.4/../../../../arm-none-eabi/lib/armv7e-m/softfp\libg_s.a(lib_a-nano-msizer.o)

.debug
 *(.debug)

.line
 *(.line)

.debug_srcinfo
 *(.debug_srcinfo)

.debug_sfnames
 *(.debug_sfnames)

.debug_aranges  0x00000000      0xb48
 *(.debug_aranges)
 .debug_aranges
                0x00000000       0xc8 ./system/src/stm32f4xx/stm32f4xx_hal.o
 .debug_aranges
                0x000000c8       0xa8 ./system/src/stm32f4xx/stm32f4xx_hal_cortex.o
 .debug_aranges
                0x00000170       0x58 ./system/src/stm32f4xx/stm32f4xx_hal_gpio.o
 .debug_aranges
                0x000001c8       0x88 ./system/src/stm32f4xx/stm32f4xx_hal_rcc.o
 .debug_aranges
                0x00000250      0x1d0 ./system/src/stm32f4xx/stm32f4xx_hal_uart.o
 .debug_aranges
                0x00000420       0x28 ./system/src/newlib/_exit.o
 .debug_aranges
                0x00000448       0x20 ./system/src/newlib/_sbrk.o
 .debug_aranges
                0x00000468       0x40 ./system/src/newlib/_startup.o
 .debug_aranges
                0x000004a8       0x30 ./system/src/newlib/_syscalls.o
 .debug_aranges
                0x000004d8       0x38 ./system/src/diag/Trace.o
 .debug_aranges
                0x00000510       0x28 ./system/src/diag/trace_impl.o
 .debug_aranges
                0x00000538       0x28 ./system/src/cortexm/_initialize_hardware.o
 .debug_aranges
                0x00000560       0x88 ./system/src/cortexm/exception_handlers.o
 .debug_aranges
                0x000005e8       0x28 ./system/src/cmsis/startup_stm32f401xe.o
 .debug_aranges
                0x00000610       0x28 ./system/src/cmsis/system_stm32f4xx.o
 .debug_aranges
                0x00000638       0x48 ./src/main.o
 .debug_aranges
                0x00000680       0x30 ./src/stm32f4xx_hal_msp.o
 .debug_aranges
                0x000006b0       0x20 ./src/stm32f4xx_it.o
 .debug_aranges
                0x000006d0       0x50 ./Middlewares/Third_Party/FreeRTOS/Source/portable/MemMang/heap_4.o
 .debug_aranges
                0x00000720       0x80 ./Middlewares/Third_Party/FreeRTOS/Source/portable/GCC/ARM_CM4F/port.o
 .debug_aranges
                0x000007a0      0x1d8 ./Middlewares/Third_Party/FreeRTOS/Source/CMSIS_RTOS/cmsis_os.o
 .debug_aranges
                0x00000978       0x40 ./Middlewares/Third_Party/FreeRTOS/Source/list.o
 .debug_aranges
                0x000009b8      0x190 ./Middlewares/Third_Party/FreeRTOS/Source/tasks.o

.debug_pubnames
 *(.debug_pubnames)

.debug_info     0x00000000     0xc559
 *(.debug_info .gnu.linkonce.wi.*)
 .debug_info    0x00000000      0x8c6 ./system/src/stm32f4xx/stm32f4xx_hal.o
 .debug_info    0x000008c6      0xe48 ./system/src/stm32f4xx/stm32f4xx_hal_cortex.o
 .debug_info    0x0000170e      0x70b ./system/src/stm32f4xx/stm32f4xx_hal_gpio.o
 .debug_info    0x00001e19      0xd12 ./system/src/stm32f4xx/stm32f4xx_hal_rcc.o
 .debug_info    0x00002b2b     0x1691 ./system/src/stm32f4xx/stm32f4xx_hal_uart.o
 .debug_info    0x000041bc      0x100 ./system/src/newlib/_exit.o
 .debug_info    0x000042bc      0x125 ./system/src/newlib/_sbrk.o
 .debug_info    0x000043e1      0x475 ./system/src/newlib/_startup.o
 .debug_info    0x00004856      0x1bc ./system/src/newlib/_syscalls.o
 .debug_info    0x00004a12      0x32b ./system/src/diag/Trace.o
 .debug_info    0x00004d3d      0x114 ./system/src/diag/trace_impl.o
 .debug_info    0x00004e51      0x294 ./system/src/cortexm/_initialize_hardware.o
 .debug_info    0x000050e5      0x7b0 ./system/src/cortexm/exception_handlers.o
 .debug_info    0x00005895       0x7c ./system/src/cmsis/startup_stm32f401xe.o
 .debug_info    0x00005911      0x4d1 ./system/src/cmsis/system_stm32f4xx.o
 .debug_info    0x00005de2     0x1166 ./src/main.o
 .debug_info    0x00006f48      0xb4d ./src/stm32f4xx_hal_msp.o
 .debug_info    0x00007a95       0xd8 ./src/stm32f4xx_it.o
 .debug_info    0x00007b6d      0x417 ./Middlewares/Third_Party/FreeRTOS/Source/portable/MemMang/heap_4.o
 .debug_info    0x00007f84      0x51b ./Middlewares/Third_Party/FreeRTOS/Source/portable/GCC/ARM_CM4F/port.o
 .debug_info    0x0000849f     0x1cc8 ./Middlewares/Third_Party/FreeRTOS/Source/CMSIS_RTOS/cmsis_os.o
 .debug_info    0x0000a167      0x29a ./Middlewares/Third_Party/FreeRTOS/Source/list.o
 .debug_info    0x0000a401     0x2158 ./Middlewares/Third_Party/FreeRTOS/Source/tasks.o

.debug_abbrev   0x00000000     0x27a5
 *(.debug_abbrev)
 .debug_abbrev  0x00000000      0x2ad ./system/src/stm32f4xx/stm32f4xx_hal.o
 .debug_abbrev  0x000002ad      0x2cf ./system/src/stm32f4xx/stm32f4xx_hal_cortex.o
 .debug_abbrev  0x0000057c      0x1cb ./system/src/stm32f4xx/stm32f4xx_hal_gpio.o
 .debug_abbrev  0x00000747      0x2fa ./system/src/stm32f4xx/stm32f4xx_hal_rcc.o
 .debug_abbrev  0x00000a41      0x2a8 ./system/src/stm32f4xx/stm32f4xx_hal_uart.o
 .debug_abbrev  0x00000ce9       0xa4 ./system/src/newlib/_exit.o
 .debug_abbrev  0x00000d8d       0xbb ./system/src/newlib/_sbrk.o
 .debug_abbrev  0x00000e48      0x1e9 ./system/src/newlib/_startup.o
 .debug_abbrev  0x00001031       0xee ./system/src/newlib/_syscalls.o
 .debug_abbrev  0x0000111f      0x178 ./system/src/diag/Trace.o
 .debug_abbrev  0x00001297       0xb4 ./system/src/diag/trace_impl.o
 .debug_abbrev  0x0000134b       0xea ./system/src/cortexm/_initialize_hardware.o
 .debug_abbrev  0x00001435      0x1d6 ./system/src/cortexm/exception_handlers.o
 .debug_abbrev  0x0000160b       0x12 ./system/src/cmsis/startup_stm32f401xe.o
 .debug_abbrev  0x0000161d      0x104 ./system/src/cmsis/system_stm32f4xx.o
 .debug_abbrev  0x00001721      0x280 ./src/main.o
 .debug_abbrev  0x000019a1      0x1aa ./src/stm32f4xx_hal_msp.o
 .debug_abbrev  0x00001b4b       0x99 ./src/stm32f4xx_it.o
 .debug_abbrev  0x00001be4      0x211 ./Middlewares/Third_Party/FreeRTOS/Source/portable/MemMang/heap_4.o
 .debug_abbrev  0x00001df5      0x221 ./Middlewares/Third_Party/FreeRTOS/Source/portable/GCC/ARM_CM4F/port.o
 .debug_abbrev  0x00002016      0x360 ./Middlewares/Third_Party/FreeRTOS/Source/CMSIS_RTOS/cmsis_os.o
 .debug_abbrev  0x00002376       0xdf ./Middlewares/Third_Party/FreeRTOS/Source/list.o
 .debug_abbrev  0x00002455      0x350 ./Middlewares/Third_Party/FreeRTOS/Source/tasks.o

.debug_line     0x00000000     0x7646
 *(.debug_line)
 .debug_line    0x00000000      0x68c ./system/src/stm32f4xx/stm32f4xx_hal.o
 .debug_line    0x0000068c      0x6ea ./system/src/stm32f4xx/stm32f4xx_hal_cortex.o
 .debug_line    0x00000d76      0x63c ./system/src/stm32f4xx/stm32f4xx_hal_gpio.o
 .debug_line    0x000013b2      0x853 ./system/src/stm32f4xx/stm32f4xx_hal_rcc.o
 .debug_line    0x00001c05      0xd8f ./system/src/stm32f4xx/stm32f4xx_hal_uart.o
 .debug_line    0x00002994      0x263 ./system/src/newlib/_exit.o
 .debug_line    0x00002bf7      0x214 ./system/src/newlib/_sbrk.o
 .debug_line    0x00002e0b      0x2d2 ./system/src/newlib/_startup.o
 .debug_line    0x000030dd      0x303 ./system/src/newlib/_syscalls.o
 .debug_line    0x000033e0      0x31a ./system/src/diag/Trace.o
 .debug_line    0x000036fa      0x324 ./system/src/diag/trace_impl.o
 .debug_line    0x00003a1e      0x1a7 ./system/src/cortexm/_initialize_hardware.o
 .debug_line    0x00003bc5      0x460 ./system/src/cortexm/exception_handlers.o
 .debug_line    0x00004025       0x88 ./system/src/cmsis/startup_stm32f401xe.o
 .debug_line    0x000040ad      0x1a5 ./system/src/cmsis/system_stm32f4xx.o
 .debug_line    0x00004252      0x6f0 ./src/main.o
 .debug_line    0x00004942      0x51a ./src/stm32f4xx_hal_msp.o
 .debug_line    0x00004e5c      0x671 ./src/stm32f4xx_it.o
 .debug_line    0x000054cd      0x464 ./Middlewares/Third_Party/FreeRTOS/Source/portable/MemMang/heap_4.o
 .debug_line    0x00005931      0x32b ./Middlewares/Third_Party/FreeRTOS/Source/portable/GCC/ARM_CM4F/port.o
 .debug_line    0x00005c5c      0x9ec ./Middlewares/Third_Party/FreeRTOS/Source/CMSIS_RTOS/cmsis_os.o
 .debug_line    0x00006648      0x3ad ./Middlewares/Third_Party/FreeRTOS/Source/list.o
 .debug_line    0x000069f5      0xc51 ./Middlewares/Third_Party/FreeRTOS/Source/tasks.o

.debug_frame    0x00000000     0x1cac
 *(.debug_frame)
 .debug_frame   0x00000000      0x194 ./system/src/stm32f4xx/stm32f4xx_hal.o
 .debug_frame   0x00000194      0x14c ./system/src/stm32f4xx/stm32f4xx_hal_cortex.o
 .debug_frame   0x000002e0       0xbc ./system/src/stm32f4xx/stm32f4xx_hal_gpio.o
 .debug_frame   0x0000039c      0x130 ./system/src/stm32f4xx/stm32f4xx_hal_rcc.o
 .debug_frame   0x000004cc      0x4bc ./system/src/stm32f4xx/stm32f4xx_hal_uart.o
 .debug_frame   0x00000988       0x38 ./system/src/newlib/_exit.o
 .debug_frame   0x000009c0       0x28 ./system/src/newlib/_sbrk.o
 .debug_frame   0x000009e8       0x7c ./system/src/newlib/_startup.o
 .debug_frame   0x00000a64       0x50 ./system/src/newlib/_syscalls.o
 .debug_frame   0x00000ab4       0x80 ./system/src/diag/Trace.o
 .debug_frame   0x00000b34       0x30 ./system/src/diag/trace_impl.o
 .debug_frame   0x00000b64       0x40 ./system/src/cortexm/_initialize_hardware.o
 .debug_frame   0x00000ba4      0x144 ./system/src/cortexm/exception_handlers.o
 .debug_frame   0x00000ce8       0x30 ./system/src/cmsis/system_stm32f4xx.o
 .debug_frame   0x00000d18       0xa0 ./src/main.o
 .debug_frame   0x00000db8       0x58 ./src/stm32f4xx_hal_msp.o
 .debug_frame   0x00000e10       0x28 ./src/stm32f4xx_it.o
 .debug_frame   0x00000e38       0xa0 ./Middlewares/Third_Party/FreeRTOS/Source/portable/MemMang/heap_4.o
 .debug_frame   0x00000ed8       0xf0 ./Middlewares/Third_Party/FreeRTOS/Source/portable/GCC/ARM_CM4F/port.o
 .debug_frame   0x00000fc8      0x524 ./Middlewares/Third_Party/FreeRTOS/Source/CMSIS_RTOS/cmsis_os.o
 .debug_frame   0x000014ec       0x68 ./Middlewares/Third_Party/FreeRTOS/Source/list.o
 .debug_frame   0x00001554      0x494 ./Middlewares/Third_Party/FreeRTOS/Source/tasks.o
 .debug_frame   0x000019e8       0x20 c:/stm32toolchain/gnu-arm/4.8-2014q3/bin/../lib/gcc/arm-none-eabi/4.8.4/../../../../arm-none-eabi/lib/armv7e-m/softfp\libg_s.a(lib_a-errno.o)
 .debug_frame   0x00001a08       0x28 c:/stm32toolchain/gnu-arm/4.8-2014q3/bin/../lib/gcc/arm-none-eabi/4.8.4/../../../../arm-none-eabi/lib/armv7e-m/softfp\libg_s.a(lib_a-memcpy-stub.o)
 .debug_frame   0x00001a30       0x20 c:/stm32toolchain/gnu-arm/4.8-2014q3/bin/../lib/gcc/arm-none-eabi/4.8.4/../../../../arm-none-eabi/lib/armv7e-m/softfp\libg_s.a(lib_a-strlen.o)
 .debug_frame   0x00001a50       0x4c c:/stm32toolchain/gnu-arm/4.8-2014q3/bin/../lib/gcc/arm-none-eabi/4.8.4/../../../../arm-none-eabi/lib/armv7e-m/softfp\libg_s.a(lib_a-vsnprintf.o)
 .debug_frame   0x00001a9c       0x88 c:/stm32toolchain/gnu-arm/4.8-2014q3/bin/../lib/gcc/arm-none-eabi/4.8.4/../../../../arm-none-eabi/lib/armv7e-m/softfp\libg_s.a(lib_a-svfprintf.o)
 .debug_frame   0x00001b24       0x60 c:/stm32toolchain/gnu-arm/4.8-2014q3/bin/../lib/gcc/arm-none-eabi/4.8.4/../../../../arm-none-eabi/lib/armv7e-m/softfp\libg_s.a(lib_a-vfprintf_i.o)
 .debug_frame   0x00001b84       0x28 c:/stm32toolchain/gnu-arm/4.8-2014q3/bin/../lib/gcc/arm-none-eabi/4.8.4/../../../../arm-none-eabi/lib/armv7e-m/softfp\libg_s.a(lib_a-memchr-stub.o)
 .debug_frame   0x00001bac       0x2c c:/stm32toolchain/gnu-arm/4.8-2014q3/bin/../lib/gcc/arm-none-eabi/4.8.4/../../../../arm-none-eabi/lib/armv7e-m/softfp\libg_s.a(lib_a-memmove.o)
 .debug_frame   0x00001bd8       0x2c c:/stm32toolchain/gnu-arm/4.8-2014q3/bin/../lib/gcc/arm-none-eabi/4.8.4/../../../../arm-none-eabi/lib/armv7e-m/softfp\libg_s.a(lib_a-nano-freer.o)
 .debug_frame   0x00001c04       0x2c c:/stm32toolchain/gnu-arm/4.8-2014q3/bin/../lib/gcc/arm-none-eabi/4.8.4/../../../../arm-none-eabi/lib/armv7e-m/softfp\libg_s.a(lib_a-nano-mallocr.o)
 .debug_frame   0x00001c30       0x30 c:/stm32toolchain/gnu-arm/4.8-2014q3/bin/../lib/gcc/arm-none-eabi/4.8.4/../../../../arm-none-eabi/lib/armv7e-m/softfp\libg_s.a(lib_a-nano-reallocr.o)
 .debug_frame   0x00001c60       0x2c c:/stm32toolchain/gnu-arm/4.8-2014q3/bin/../lib/gcc/arm-none-eabi/4.8.4/../../../../arm-none-eabi/lib/armv7e-m/softfp\libg_s.a(lib_a-sbrkr.o)
 .debug_frame   0x00001c8c       0x20 c:/stm32toolchain/gnu-arm/4.8-2014q3/bin/../lib/gcc/arm-none-eabi/4.8.4/../../../../arm-none-eabi/lib/armv7e-m/softfp\libg_s.a(lib_a-nano-msizer.o)

.debug_str      0x00000000    0x87946
 *(.debug_str)
 .debug_str     0x00000000    0x7b7de ./system/src/stm32f4xx/stm32f4xx_hal.o
                              0x7bb63 (size before relaxing)
 .debug_str     0x0007b7de      0x390 ./system/src/stm32f4xx/stm32f4xx_hal_cortex.o
                              0x7b905 (size before relaxing)
 .debug_str     0x0007bb6e      0x284 ./system/src/stm32f4xx/stm32f4xx_hal_gpio.o
                              0x7b401 (size before relaxing)
 .debug_str     0x0007bdf2      0x390 ./system/src/stm32f4xx/stm32f4xx_hal_rcc.o
                              0x7b5fe (size before relaxing)
 .debug_str     0x0007c182      0x932 ./system/src/stm32f4xx/stm32f4xx_hal_uart.o
                              0x7ba34 (size before relaxing)
 .debug_str     0x0007cab4      0xfe6 ./system/src/newlib/_exit.o
                               0x4ec3 (size before relaxing)
 .debug_str     0x0007da9a      0x35e ./system/src/newlib/_sbrk.o
                               0x4479 (size before relaxing)
 .debug_str     0x0007ddf8      0x266 ./system/src/newlib/_startup.o
                               0x404f (size before relaxing)
 .debug_str     0x0007e05e      0xc3a ./system/src/newlib/_syscalls.o
                               0x50f5 (size before relaxing)
 .debug_str     0x0007ec98     0x1013 ./system/src/diag/Trace.o
                               0x65aa (size before relaxing)
 .debug_str     0x0007fcab       0x42 ./system/src/diag/trace_impl.o
                              0x4d27d (size before relaxing)
 .debug_str     0x0007fced       0x5e ./system/src/cortexm/_initialize_hardware.o
                              0x4b633 (size before relaxing)
 .debug_str     0x0007fd4b      0x1ca ./system/src/cortexm/exception_handlers.o
                              0x4ef54 (size before relaxing)
 .debug_str     0x0007ff15       0x84 ./system/src/cmsis/system_stm32f4xx.o
                              0x4b77e (size before relaxing)
 .debug_str     0x0007ff99     0x5499 ./src/main.o
                              0x81042 (size before relaxing)
 .debug_str     0x00085432       0x1b ./src/stm32f4xx_hal_msp.o
                              0x7b9ab (size before relaxing)
 .debug_str     0x0008544d       0x39 ./src/stm32f4xx_it.o
                              0x80261 (size before relaxing)
 .debug_str     0x00085486      0x2fe ./Middlewares/Third_Party/FreeRTOS/Source/portable/MemMang/heap_4.o
                               0x80d8 (size before relaxing)
 .debug_str     0x00085784      0x874 ./Middlewares/Third_Party/FreeRTOS/Source/portable/GCC/ARM_CM4F/port.o
                               0x7192 (size before relaxing)
 .debug_str     0x00085ff8      0x857 ./Middlewares/Third_Party/FreeRTOS/Source/CMSIS_RTOS/cmsis_os.o
                               0xb5b0 (size before relaxing)
 .debug_str     0x0008684f      0x13d ./Middlewares/Third_Party/FreeRTOS/Source/list.o
                               0x7997 (size before relaxing)
 .debug_str     0x0008698c      0xfba ./Middlewares/Third_Party/FreeRTOS/Source/tasks.o
                               0xa8a3 (size before relaxing)

.debug_loc      0x00000000     0x4fde
 *(.debug_loc)
 .debug_loc     0x00000000       0x8f ./system/src/stm32f4xx/stm32f4xx_hal.o
 .debug_loc     0x0000008f      0x522 ./system/src/stm32f4xx/stm32f4xx_hal_cortex.o
 .debug_loc     0x000005b1      0x373 ./system/src/stm32f4xx/stm32f4xx_hal_gpio.o
 .debug_loc     0x00000924      0x6c1 ./system/src/stm32f4xx/stm32f4xx_hal_rcc.o
 .debug_loc     0x00000fe5     0x12ae ./system/src/stm32f4xx/stm32f4xx_hal_uart.o
 .debug_loc     0x00002293       0x6b ./system/src/newlib/_sbrk.o
 .debug_loc     0x000022fe      0x265 ./system/src/newlib/_startup.o
 .debug_loc     0x00002563       0x63 ./system/src/newlib/_syscalls.o
 .debug_loc     0x000025c6       0xf7 ./system/src/diag/Trace.o
 .debug_loc     0x000026bd       0x21 ./system/src/diag/trace_impl.o
 .debug_loc     0x000026de      0x184 ./system/src/cortexm/exception_handlers.o
 .debug_loc     0x00002862      0x125 ./system/src/cmsis/system_stm32f4xx.o
 .debug_loc     0x00002987       0x21 ./src/main.o
 .debug_loc     0x000029a8       0x42 ./src/stm32f4xx_hal_msp.o
 .debug_loc     0x000029ea      0x26d ./Middlewares/Third_Party/FreeRTOS/Source/portable/MemMang/heap_4.o
 .debug_loc     0x00002c57       0xc8 ./Middlewares/Third_Party/FreeRTOS/Source/portable/GCC/ARM_CM4F/port.o
 .debug_loc     0x00002d1f      0xf5c ./Middlewares/Third_Party/FreeRTOS/Source/CMSIS_RTOS/cmsis_os.o
 .debug_loc     0x00003c7b       0x65 ./Middlewares/Third_Party/FreeRTOS/Source/list.o
 .debug_loc     0x00003ce0     0x12fe ./Middlewares/Third_Party/FreeRTOS/Source/tasks.o

.debug_macinfo
 *(.debug_macinfo)

.debug_weaknames
 *(.debug_weaknames)

.debug_funcnames
 *(.debug_funcnames)

.debug_typenames
 *(.debug_typenames)

.debug_varnames
 *(.debug_varnames)
OUTPUT(UartFreeRTOS.elf elf32-littlearm)

.debug_ranges   0x00000000      0xa18
 .debug_ranges  0x00000000       0xb8 ./system/src/stm32f4xx/stm32f4xx_hal.o
 .debug_ranges  0x000000b8       0x98 ./system/src/stm32f4xx/stm32f4xx_hal_cortex.o
 .debug_ranges  0x00000150       0x48 ./system/src/stm32f4xx/stm32f4xx_hal_gpio.o
 .debug_ranges  0x00000198       0x78 ./system/src/stm32f4xx/stm32f4xx_hal_rcc.o
 .debug_ranges  0x00000210      0x1c0 ./system/src/stm32f4xx/stm32f4xx_hal_uart.o
 .debug_ranges  0x000003d0       0x18 ./system/src/newlib/_exit.o
 .debug_ranges  0x000003e8       0x10 ./system/src/newlib/_sbrk.o
 .debug_ranges  0x000003f8       0x48 ./system/src/newlib/_startup.o
 .debug_ranges  0x00000440       0x20 ./system/src/newlib/_syscalls.o
 .debug_ranges  0x00000460       0x28 ./system/src/diag/Trace.o
 .debug_ranges  0x00000488       0x18 ./system/src/diag/trace_impl.o
 .debug_ranges  0x000004a0       0x18 ./system/src/cortexm/_initialize_hardware.o
 .debug_ranges  0x000004b8       0x78 ./system/src/cortexm/exception_handlers.o
 .debug_ranges  0x00000530       0x20 ./system/src/cmsis/startup_stm32f401xe.o
 .debug_ranges  0x00000550       0x18 ./system/src/cmsis/system_stm32f4xx.o
 .debug_ranges  0x00000568       0x38 ./src/main.o
 .debug_ranges  0x000005a0       0x20 ./src/stm32f4xx_hal_msp.o
 .debug_ranges  0x000005c0       0x10 ./src/stm32f4xx_it.o
 .debug_ranges  0x000005d0       0x40 ./Middlewares/Third_Party/FreeRTOS/Source/portable/MemMang/heap_4.o
 .debug_ranges  0x00000610       0x70 ./Middlewares/Third_Party/FreeRTOS/Source/portable/GCC/ARM_CM4F/port.o
 .debug_ranges  0x00000680      0x1c8 ./Middlewares/Third_Party/FreeRTOS/Source/CMSIS_RTOS/cmsis_os.o
 .debug_ranges  0x00000848       0x30 ./Middlewares/Third_Party/FreeRTOS/Source/list.o
 .debug_ranges  0x00000878      0x1a0 ./Middlewares/Third_Party/FreeRTOS/Source/tasks.o

.debug_macro    0x00000000    0x1718e
 .debug_macro   0x00000000      0x2a8 ./system/src/stm32f4xx/stm32f4xx_hal.o
 .debug_macro   0x000002a8      0x868 ./system/src/stm32f4xx/stm32f4xx_hal.o
 .debug_macro   0x00000b10       0x64 ./system/src/stm32f4xx/stm32f4xx_hal.o
 .debug_macro   0x00000b74      0x17a ./system/src/stm32f4xx/stm32f4xx_hal.o
 .debug_macro   0x00000cee       0x33 ./system/src/stm32f4xx/stm32f4xx_hal.o
 .debug_macro   0x00000d21       0x28 ./system/src/stm32f4xx/stm32f4xx_hal.o
 .debug_macro   0x00000d49      0x34e ./system/src/stm32f4xx/stm32f4xx_hal.o
 .debug_macro   0x00001097       0x35 ./system/src/stm32f4xx/stm32f4xx_hal.o
 .debug_macro   0x000010cc       0x50 ./system/src/stm32f4xx/stm32f4xx_hal.o
 .debug_macro   0x0000111c      0xe66 ./system/src/stm32f4xx/stm32f4xx_hal.o
 .debug_macro   0x00001f82     0xb81f ./system/src/stm32f4xx/stm32f4xx_hal.o
 .debug_macro   0x0000d7a1       0x43 ./system/src/stm32f4xx/stm32f4xx_hal.o
 .debug_macro   0x0000d7e4     0x3574 ./system/src/stm32f4xx/stm32f4xx_hal.o
 .debug_macro   0x00010d58       0x58 ./system/src/stm32f4xx/stm32f4xx_hal.o
 .debug_macro   0x00010db0       0x16 ./system/src/stm32f4xx/stm32f4xx_hal.o
 .debug_macro   0x00010dc6       0x35 ./system/src/stm32f4xx/stm32f4xx_hal.o
 .debug_macro   0x00010dfb       0xa3 ./system/src/stm32f4xx/stm32f4xx_hal.o
 .debug_macro   0x00010e9e       0x16 ./system/src/stm32f4xx/stm32f4xx_hal.o
 .debug_macro   0x00010eb4       0x97 ./system/src/stm32f4xx/stm32f4xx_hal.o
 .debug_macro   0x00010f4b       0x10 ./system/src/stm32f4xx/stm32f4xx_hal.o
 .debug_macro   0x00010f5b       0xf6 ./system/src/stm32f4xx/stm32f4xx_hal.o
 .debug_macro   0x00011051       0x4a ./system/src/stm32f4xx/stm32f4xx_hal.o
 .debug_macro   0x0001109b       0x52 ./system/src/stm32f4xx/stm32f4xx_hal.o
 .debug_macro   0x000110ed       0x16 ./system/src/stm32f4xx/stm32f4xx_hal.o
 .debug_macro   0x00011103       0x43 ./system/src/stm32f4xx/stm32f4xx_hal.o
 .debug_macro   0x00011146      0x180 ./system/src/stm32f4xx/stm32f4xx_hal.o
 .debug_macro   0x000112c6       0x10 ./system/src/stm32f4xx/stm32f4xx_hal.o
 .debug_macro   0x000112d6       0x22 ./system/src/stm32f4xx/stm32f4xx_hal.o
 .debug_macro   0x000112f8       0xbd ./system/src/stm32f4xx/stm32f4xx_hal.o
 .debug_macro   0x000113b5       0x16 ./system/src/stm32f4xx/stm32f4xx_hal.o
 .debug_macro   0x000113cb      0x16c ./system/src/stm32f4xx/stm32f4xx_hal.o
 .debug_macro   0x00011537       0x5e ./system/src/stm32f4xx/stm32f4xx_hal.o
 .debug_macro   0x00011595      0x416 ./system/src/stm32f4xx/stm32f4xx_hal.o
 .debug_macro   0x000119ab      0x9e1 ./system/src/stm32f4xx/stm32f4xx_hal.o
 .debug_macro   0x0001238c      0x11e ./system/src/stm32f4xx/stm32f4xx_hal.o
 .debug_macro   0x000124aa       0xf8 ./system/src/stm32f4xx/stm32f4xx_hal.o
 .debug_macro   0x000125a2       0x27 ./system/src/stm32f4xx/stm32f4xx_hal.o
 .debug_macro   0x000125c9      0x287 ./system/src/stm32f4xx/stm32f4xx_hal.o
 .debug_macro   0x00012850       0x5f ./system/src/stm32f4xx/stm32f4xx_hal.o
 .debug_macro   0x000128af      0x23a ./system/src/stm32f4xx/stm32f4xx_hal.o
 .debug_macro   0x00012ae9      0x13a ./system/src/stm32f4xx/stm32f4xx_hal.o
 .debug_macro   0x00012c23      0x264 ./system/src/stm32f4xx/stm32f4xx_hal.o
 .debug_macro   0x00012e87       0x2e ./system/src/stm32f4xx/stm32f4xx_hal.o
 .debug_macro   0x00012eb5      0x11e ./system/src/stm32f4xx/stm32f4xx_hal.o
 .debug_macro   0x00012fd3       0x85 ./system/src/stm32f4xx/stm32f4xx_hal.o
 .debug_macro   0x00013058       0x89 ./system/src/stm32f4xx/stm32f4xx_hal.o
 .debug_macro   0x000130e1      0x287 ./system/src/stm32f4xx/stm32f4xx_hal.o
 .debug_macro   0x00013368      0x11e ./system/src/stm32f4xx/stm32f4xx_hal.o
 .debug_macro   0x00013486      0x248 ./system/src/stm32f4xx/stm32f4xx_hal_cortex.o
 .debug_macro   0x000136ce      0x280 ./system/src/stm32f4xx/stm32f4xx_hal_gpio.o
 .debug_macro   0x0001394e      0x272 ./system/src/stm32f4xx/stm32f4xx_hal_rcc.o
 .debug_macro   0x00013bc0      0x249 ./system/src/stm32f4xx/stm32f4xx_hal_uart.o
 .debug_macro   0x00013e09      0x11b ./system/src/newlib/_exit.o
 .debug_macro   0x00013f24      0x85c ./system/src/newlib/_exit.o
 .debug_macro   0x00014780      0x10e ./system/src/newlib/_exit.o
 .debug_macro   0x0001488e       0x86 ./system/src/newlib/_exit.o
 .debug_macro   0x00014914       0x10 ./system/src/newlib/_exit.o
 .debug_macro   0x00014924       0x35 ./system/src/newlib/_exit.o
 .debug_macro   0x00014959       0xd1 ./system/src/newlib/_sbrk.o
 .debug_macro   0x00014a2a       0x19 ./system/src/newlib/_sbrk.o
 .debug_macro   0x00014a43      0x16d ./system/src/newlib/_sbrk.o
 .debug_macro   0x00014bb0       0x10 ./system/src/newlib/_sbrk.o
 .debug_macro   0x00014bc0      0x23b ./system/src/newlib/_sbrk.o
 .debug_macro   0x00014dfb       0xdb ./system/src/newlib/_startup.o
 .debug_macro   0x00014ed6      0x169 ./system/src/newlib/_syscalls.o
 .debug_macro   0x0001503f       0x1c ./system/src/newlib/_syscalls.o
 .debug_macro   0x0001505b       0x10 ./system/src/newlib/_syscalls.o
 .debug_macro   0x0001506b       0x10 ./system/src/newlib/_syscalls.o
 .debug_macro   0x0001507b       0x10 ./system/src/newlib/_syscalls.o
 .debug_macro   0x0001508b       0x35 ./system/src/newlib/_syscalls.o
 .debug_macro   0x000150c0      0x120 ./system/src/newlib/_syscalls.o
 .debug_macro   0x000151e0       0x22 ./system/src/newlib/_syscalls.o
 .debug_macro   0x00015202       0x2b ./system/src/newlib/_syscalls.o
 .debug_macro   0x0001522d      0x118 ./system/src/newlib/_syscalls.o
 .debug_macro   0x00015345      0x13a ./system/src/newlib/_syscalls.o
 .debug_macro   0x0001547f       0x16 ./system/src/newlib/_syscalls.o
 .debug_macro   0x00015495      0x15a ./system/src/diag/Trace.o
 .debug_macro   0x000155ef       0x52 ./system/src/diag/Trace.o
 .debug_macro   0x00015641      0x283 ./system/src/diag/Trace.o
 .debug_macro   0x000158c4       0x10 ./system/src/diag/Trace.o
 .debug_macro   0x000158d4       0x1f ./system/src/diag/Trace.o
 .debug_macro   0x000158f3      0x15b ./system/src/diag/trace_impl.o
 .debug_macro   0x00015a4e       0x95 ./system/src/cortexm/_initialize_hardware.o
 .debug_macro   0x00015ae3      0x1ba ./system/src/cortexm/exception_handlers.o
 .debug_macro   0x00015c9d       0x3b ./system/src/cortexm/exception_handlers.o
 .debug_macro   0x00015cd8       0x22 ./system/src/cortexm/exception_handlers.o
 .debug_macro   0x00015cfa       0x9d ./system/src/cmsis/system_stm32f4xx.o
 .debug_macro   0x00015d97      0x300 ./src/main.o
 .debug_macro   0x00016097       0xd8 ./src/main.o
 .debug_macro   0x0001616f       0x91 ./src/main.o
 .debug_macro   0x00016200       0x94 ./src/main.o
 .debug_macro   0x00016294       0x63 ./src/main.o
 .debug_macro   0x000162f7       0x19 ./src/main.o
 .debug_macro   0x00016310       0xcf ./src/main.o
 .debug_macro   0x000163df      0x248 ./src/stm32f4xx_hal_msp.o
 .debug_macro   0x00016627      0x306 ./src/stm32f4xx_it.o
 .debug_macro   0x0001692d      0x172 ./Middlewares/Third_Party/FreeRTOS/Source/portable/MemMang/heap_4.o
 .debug_macro   0x00016a9f      0x16e ./Middlewares/Third_Party/FreeRTOS/Source/portable/GCC/ARM_CM4F/port.o
 .debug_macro   0x00016c0d      0x1c1 ./Middlewares/Third_Party/FreeRTOS/Source/CMSIS_RTOS/cmsis_os.o
 .debug_macro   0x00016dce       0x26 ./Middlewares/Third_Party/FreeRTOS/Source/CMSIS_RTOS/cmsis_os.o
 .debug_macro   0x00016df4      0x14b ./Middlewares/Third_Party/FreeRTOS/Source/list.o
 .debug_macro   0x00016f3f      0x23e ./Middlewares/Third_Party/FreeRTOS/Source/tasks.o
 .debug_macro   0x0001717d       0x11 ./Middlewares/Third_Party/FreeRTOS/Source/tasks.o
